tests/G0000.go:4:11: redundant parameter type "string" (G0000)
tests/G0000.go:5:18: redundant parameter type "string" (G0000)
tests/G0000.go:6:14: redundant parameter type "string" (G0000)
