tests/SA1000.go:22:17: error parsing regexp: missing closing ): `(` (SA1000)
tests/SA1000.go:23:15: error parsing regexp: missing closing ): `(` (SA1000)
tests/SA1000.go:24:21: error parsing regexp: missing closing ): `(` (SA1000)
tests/SA1000.go:25:21: error parsing regexp: missing closing ): `(` (SA1000)
tests/SA1000.go:26:21: error parsing regexp: missing closing ): `(` (SA1000)
tests/SA1000.go:27:21: error parsing regexp: missing closing ): `(` (SA1000)
tests/SA1000.go:28:16: error parsing regexp: missing closing ): `(` (SA1000)
tests/SA1000.go:29:21: error parsing regexp: missing closing ): `(` (SA1000)
tests/SA1000.go:30:21: error parsing regexp: missing closing ): `(` (SA1000)
tests/SA1000.go:31:21: error parsing regexp: missing closing ): `(` (SA1000)
tests/SA1000.go:32:21: error parsing regexp: missing closing ): `(` (SA1000)
tests/SA1000.go:33:21: error parsing regexp: missing closing ): `(` (SA1000)
tests/SA1000.go:34:21: error parsing regexp: missing closing ): `(` (SA1000)
tests/SA1000.go:35:21: error parsing regexp: missing closing ): `(` (SA1000)
tests/SA1000.go:36:21: error parsing regexp: missing closing ): `(` (SA1000)
tests/SA1000.go:37:21: error parsing regexp: missing closing ): `(` (SA1000)
